mode: set
github.com/jailtonjunior94/address/internal/services/correios_service.go:22.127,24.2 1 1
github.com/jailtonjunior94/address/internal/services/correios_service.go:26.83,38.16 3 1
github.com/jailtonjunior94/address/internal/services/correios_service.go:38.16,41.3 2 0
github.com/jailtonjunior94/address/internal/services/correios_service.go:43.2,47.16 4 1
github.com/jailtonjunior94/address/internal/services/correios_service.go:47.16,50.3 2 0
github.com/jailtonjunior94/address/internal/services/correios_service.go:52.2,52.16 1 1
github.com/jailtonjunior94/address/internal/services/correios_service.go:52.16,54.3 1 1
github.com/jailtonjunior94/address/internal/services/correios_service.go:56.2,56.50 1 1
github.com/jailtonjunior94/address/internal/services/correios_service.go:56.50,60.3 3 1
github.com/jailtonjunior94/address/internal/services/correios_service.go:62.2,64.16 3 1
github.com/jailtonjunior94/address/internal/services/correios_service.go:64.16,67.3 2 0
github.com/jailtonjunior94/address/internal/services/correios_service.go:69.2,78.22 3 1
github.com/jailtonjunior94/address/internal/services/via_cep_service.go:21.123,23.2 1 1
github.com/jailtonjunior94/address/internal/services/via_cep_service.go:25.81,27.16 2 1
github.com/jailtonjunior94/address/internal/services/via_cep_service.go:27.16,30.3 2 0
github.com/jailtonjunior94/address/internal/services/via_cep_service.go:32.2,36.16 4 1
github.com/jailtonjunior94/address/internal/services/via_cep_service.go:36.16,39.3 2 0
github.com/jailtonjunior94/address/internal/services/via_cep_service.go:41.2,41.16 1 1
github.com/jailtonjunior94/address/internal/services/via_cep_service.go:41.16,43.3 1 1
github.com/jailtonjunior94/address/internal/services/via_cep_service.go:45.2,45.50 1 1
github.com/jailtonjunior94/address/internal/services/via_cep_service.go:45.50,49.3 3 1
github.com/jailtonjunior94/address/internal/services/via_cep_service.go:51.2,53.16 3 1
github.com/jailtonjunior94/address/internal/services/via_cep_service.go:53.16,56.3 2 0
github.com/jailtonjunior94/address/internal/services/via_cep_service.go:58.2,65.22 3 1
